Running Gradle task 'assembleDebug'...                          
flutter : 
At line:1 char:1
+ flutter build apk --debug 2>&1 | Tee-Object 
-FilePath build_output.tx ...
+ ~~~~~~~~~~~~~~~~~~~~~~~~~~~~~~
    + CategoryInfo          : NotSpecified: (: 
   String) [], RemoteException
    + FullyQualifiedErrorId : NativeCommandErr 
   or
 
FAILURE: Build failed with an exception.

* What went wrong:
Execution failed for task 
':app:checkDebugAarMetadata'.
> A failure occurred while executing com.androi
d.build.gradle.internal.tasks.CheckAarMetadataW
orkAction
   > 6 issues were found when checking AAR 
metadata:

       1.  Dependency 
'androidx.browser:browser:1.9.0' requires 
Android Gradle plugin 8.9.1 or higher.

           This build currently uses Android 
Gradle plugin 8.6.0.

       2.  Dependency 
'androidx.activity:activity-compose:1.11.0' 
requires Android Gradle plugin 8.9.1 or higher.

           This build currently uses Android 
Gradle plugin 8.6.0.

       3.  Dependency 
'androidx.core:core-ktx:1.17.0' requires 
Android Gradle plugin 8.9.1 or higher.

           This build currently uses Android 
Gradle plugin 8.6.0.

       4.  Dependency 
'androidx.core:core:1.17.0' requires Android 
Gradle plugin 8.9.1 or higher.

           This build currently uses Android 
Gradle plugin 8.6.0.

       5.  Dependency 
'androidx.activity:activity-ktx:1.11.0' 
requires Android Gradle plugin 8.9.1 or higher.

           This build currently uses Android 
Gradle plugin 8.6.0.

       6.  Dependency 
'androidx.activity:activity:1.11.0' requires 
Android Gradle plugin 8.9.1 or higher.

           This build currently uses Android 
Gradle plugin 8.6.0.

* Try:
> Run with --stacktrace option to get the 
stack trace.
> Run with --info or --debug option to get 
more log output.
> Run with --scan to get full insights.
> Get more help at https://help.gradle.org.

BUILD FAILED in 1m 14s
Running Gradle task 'assembleDebug'...                             75.6s
Gradle task assembleDebug failed with exit 
code 1
